src/app/profile/page.tsx(13,57): error TS2322: Type '{ children: Element[]; hoverable: true; className: string; style: { background: string; }; }' is not assignable to type 'IntrinsicAttributes & CardProps'.
  Property 'style' does not exist on type 'IntrinsicAttributes & CardProps'.
